// Vitest Snapshot v1

exports[`app > compiles 1`] = `
[
  "run",
]
`;
